Logging test successful.